// Jest Snapshot v1, https://goo.gl/fbAQLP

exports[`<PieChart /> should display all reimbursement data as a pie chart 1`] = `"<svg width=\\"402\\" height=\\"402\\"><path class=\\"slice\\" fill=\\"#00649F\\" transform=\\"translate(201,201)\\"></path><path class=\\"slice\\" fill=\\"#F29400\\" transform=\\"translate(201,201)\\"></path></svg>"`;
